This file contains any messages produced by compilers while
running configure, to aid debugging if configure makes a mistake.

It was created by libcsv configure 3.0.3, which was
generated by GNU Autoconf 2.71.  Invocation command line was

  $ configure --no-create --no-recursion

## --------- ##
## Platform. ##
## --------- ##

hostname = enumclass
uname -m = x86_64
uname -r = 6.8.0-117-generic
uname -s = Linux
uname -v = #117-Ubuntu SMP PREEMPT_DYNAMIC Tue May  5 19:26:24 UTC 2026

/usr/bin/uname -p = x86_64
/bin/uname -X     = unknown

/bin/arch              = x86_64
/usr/bin/arch -k       = unknown
/usr/convex/getsysinfo = unknown
/usr/bin/hostinfo      = unknown
/bin/machine           = unknown
/usr/bin/oslevel       = unknown
/bin/universe          = unknown

PATH: /home/enumclass/Documents/SWE/bin/
PATH: /home/enumclass/.local/bin/
PATH: /usr/local/texlive/2024/bin/x86_64-linux/
PATH: /usr/local/texlive/2024/bin/x86_64-linux/
PATH: /home/enumclass/.local/share/../bin/
PATH: /home/enumclass/.cargo/bin/
PATH: /home/enumclass/.local/bin/
PATH: /usr/local/sbin/
PATH: /usr/local/bin/
PATH: /usr/sbin/
PATH: /usr/bin/
PATH: /sbin/
PATH: /bin/
PATH: /usr/games/
PATH: /usr/local/games/
PATH: /snap/bin/


## ----------- ##
## Core tests. ##
## ----------- ##

configure:2347: looking for aux files: config.guess config.sub ltmain.sh compile missing install-sh
configure:2360:  trying ./
configure:2389:   ./config.guess found
configure:2389:   ./config.sub found
configure:2389:   ./ltmain.sh found
configure:2389:   ./compile found
configure:2389:   ./missing found
configure:2371:   ./install-sh found
configure:2519: checking for a BSD-compatible install
configure:2592: result: /usr/bin/install -c
configure:2603: checking whether build environment is sane
configure:2658: result: yes
configure:2817: checking for a race-free mkdir -p
configure:2861: result: /usr/bin/mkdir -p
configure:2868: checking for gawk
configure:2903: result: no
configure:2868: checking for mawk
configure:2889: found /usr/bin/mawk
configure:2900: result: mawk
configure:2911: checking whether make sets $(MAKE)
configure:2934: result: yes
configure:2964: checking whether make supports nested variables
configure:2982: result: yes
configure:3180: checking for gcc
configure:3201: found /usr/bin/gcc
configure:3212: result: gcc
configure:3565: checking for C compiler version
configure:3574: gcc --version >&5
gcc (Ubuntu 13.3.0-6ubuntu2~24.04.1) 13.3.0
Copyright (C) 2023 Free Software Foundation, Inc.
This is free software; see the source for copying conditions.  There is NO
warranty; not even for MERCHANTABILITY or FITNESS FOR A PARTICULAR PURPOSE.

configure:3585: $? = 0
configure:3574: gcc -v >&5
Using built-in specs.
COLLECT_GCC=gcc
COLLECT_LTO_WRAPPER=/usr/libexec/gcc/x86_64-linux-gnu/13/lto-wrapper
OFFLOAD_TARGET_NAMES=nvptx-none:amdgcn-amdhsa
OFFLOAD_TARGET_DEFAULT=1
Target: x86_64-linux-gnu
Configured with: ../src/configure -v --with-pkgversion='Ubuntu 13.3.0-6ubuntu2~24.04.1' --with-bugurl=file:///usr/share/doc/gcc-13/README.Bugs --enable-languages=c,ada,c++,go,d,fortran,objc,obj-c++,m2 --prefix=/usr --with-gcc-major-version-only --program-suffix=-13 --program-prefix=x86_64-linux-gnu- --enable-shared --enable-linker-build-id --libexecdir=/usr/libexec --without-included-gettext --enable-threads=posix --libdir=/usr/lib --enable-nls --enable-bootstrap --enable-clocale=gnu --enable-libstdcxx-debug --enable-libstdcxx-time=yes --with-default-libstdcxx-abi=new --enable-libstdcxx-backtrace --enable-gnu-unique-object --disable-vtable-verify --enable-plugin --enable-default-pie --with-system-zlib --enable-libphobos-checking=release --with-target-system-zlib=auto --enable-objc-gc=auto --enable-multiarch --disable-werror --enable-cet --with-arch-32=i686 --with-abi=m64 --with-multilib-list=m32,m64,mx32 --enable-multilib --with-tune=generic --enable-offload-targets=nvptx-none=/build/gcc-13-EldibY/gcc-13-13.3.0/debian/tmp-nvptx/usr,amdgcn-amdhsa=/build/gcc-13-EldibY/gcc-13-13.3.0/debian/tmp-gcn/usr --enable-offload-defaulted --without-cuda-driver --enable-checking=release --build=x86_64-linux-gnu --host=x86_64-linux-gnu --target=x86_64-linux-gnu --with-build-config=bootstrap-lto-lean --enable-link-serialization=2
Thread model: posix
Supported LTO compression algorithms: zlib zstd
gcc version 13.3.0 (Ubuntu 13.3.0-6ubuntu2~24.04.1) 
... rest of stderr output deleted ...
configure:3585: $? = 0
configure:3574: gcc -V >&5
gcc: error: unrecognized command-line option '-V'
gcc: fatal error: no input files
compilation terminated.
configure:3585: $? = 1
configure:3574: gcc -qversion >&5
gcc: error: unrecognized command-line option '-qversion'; did you mean '--version'?
gcc: fatal error: no input files
compilation terminated.
configure:3585: $? = 1
configure:3574: gcc -version >&5
gcc: error: unrecognized command-line option '-version'
gcc: fatal error: no input files
compilation terminated.
configure:3585: $? = 1
configure:3605: checking whether the C compiler works
configure:3627: gcc    conftest.c  >&5
configure:3631: $? = 0
configure:3681: result: yes
configure:3684: checking for C compiler default output file name
configure:3686: result: a.out
configure:3692: checking for suffix of executables
configure:3699: gcc -o conftest    conftest.c  >&5
configure:3703: $? = 0
configure:3726: result: 
configure:3748: checking whether we are cross compiling
configure:3756: gcc -o conftest    conftest.c  >&5
configure:3760: $? = 0
configure:3767: ./conftest
configure:3771: $? = 0
configure:3786: result: no
configure:3791: checking for suffix of object files
configure:3814: gcc -c   conftest.c >&5
configure:3818: $? = 0
configure:3840: result: o
configure:3844: checking whether the compiler supports GNU C
configure:3864: gcc -c   conftest.c >&5
configure:3864: $? = 0
configure:3874: result: yes
configure:3885: checking whether gcc accepts -g
configure:3906: gcc -c -g  conftest.c >&5
configure:3906: $? = 0
configure:3950: result: yes
configure:3970: checking for gcc option to enable C11 features
configure:3985: gcc  -c -g -O2  conftest.c >&5
configure:3985: $? = 0
configure:4003: result: none needed
configure:4119: checking whether gcc understands -c and -o together
configure:4142: gcc -c conftest.c -o conftest2.o
configure:4145: $? = 0
configure:4142: gcc -c conftest.c -o conftest2.o
configure:4145: $? = 0
configure:4157: result: yes
configure:4177: checking whether make supports the include directive
configure:4192: make -f confmf.GNU && cat confinc.out
make[1]: Entering directory '/home/enumclass/Desktop/ali/libcsv'
make[1]: Leaving directory '/home/enumclass/Desktop/ali/libcsv'
this is the am__doit target
configure:4195: $? = 0
configure:4214: result: yes (GNU style)
configure:4240: checking dependency style of gcc
configure:4352: result: gcc3
configure:4400: checking build system type
configure:4415: result: x86_64-unknown-linux-gnu
configure:4435: checking host system type
configure:4449: result: x86_64-unknown-linux-gnu
configure:4490: checking how to print strings
configure:4517: result: printf
configure:4538: checking for a sed that does not truncate output
configure:4608: result: /usr/bin/sed
configure:4626: checking for grep that handles long lines and -e
configure:4690: result: /usr/bin/grep
configure:4695: checking for egrep
configure:4763: result: /usr/bin/grep -E
configure:4768: checking for fgrep
configure:4836: result: /usr/bin/grep -F
configure:4872: checking for ld used by gcc
configure:4940: result: /usr/bin/ld
configure:4947: checking if the linker (/usr/bin/ld) is GNU ld
configure:4963: result: yes
configure:4975: checking for BSD- or MS-compatible name lister (nm)
configure:5025: result: /usr/bin/nm -B
configure:5165: checking the name lister (/usr/bin/nm -B) interface
configure:5173: gcc -c -g -O2  conftest.c >&5
configure:5176: /usr/bin/nm -B "conftest.o"
configure:5179: output
0000000000000000 B some_variable
configure:5186: result: BSD nm
configure:5189: checking whether ln -s works
configure:5193: result: yes
configure:5201: checking the maximum length of command line arguments
configure:5333: result: 1572864
configure:5350: checking whether the shell understands some XSI constructs
configure:5360: result: yes
configure:5364: checking whether the shell understands "+="
configure:5370: result: yes
configure:5405: checking how to convert x86_64-unknown-linux-gnu file names to x86_64-unknown-linux-gnu format
configure:5446: result: func_convert_file_noop
configure:5453: checking how to convert x86_64-unknown-linux-gnu file names to toolchain format
configure:5474: result: func_convert_file_noop
configure:5481: checking for /usr/bin/ld option to reload object files
configure:5489: result: -r
configure:5568: checking for objdump
configure:5589: found /usr/bin/objdump
configure:5600: result: objdump
configure:5632: checking how to recognize dependent libraries
configure:5831: result: pass_all
configure:5921: checking for dlltool
configure:5956: result: no
configure:5986: checking how to associate runtime and link libraries
configure:6014: result: printf %s\n
configure:6080: checking for ar
configure:6101: found /usr/bin/ar
configure:6112: result: ar
configure:6149: checking for archiver @FILE support
configure:6167: gcc -c -g -O2  conftest.c >&5
configure:6167: $? = 0
configure:6171: ar cru libconftest.a @conftest.lst >&5
ar: `u' modifier ignored since `D' is the default (see `U')
configure:6174: $? = 0
configure:6179: ar cru libconftest.a @conftest.lst >&5
ar: `u' modifier ignored since `D' is the default (see `U')
ar: conftest.o: No such file or directory
configure:6182: $? = 1
configure:6194: result: @
configure:6257: checking for strip
configure:6278: found /usr/bin/strip
configure:6289: result: strip
configure:6366: checking for ranlib
configure:6387: found /usr/bin/ranlib
configure:6398: result: ranlib
configure:6500: checking command to parse /usr/bin/nm -B output from gcc object
configure:6621: gcc -c -g -O2  conftest.c >&5
configure:6624: $? = 0
configure:6628: /usr/bin/nm -B conftest.o \| sed -n -e 's/^.*[ ]\([ABCDGIRSTW][ABCDGIRSTW]*\)[ ][ ]*\([_A-Za-z][_A-Za-z0-9]*\)$/\1 \2 \2/p' | sed '/ __gnu_lto/d' \> conftest.nm
configure:6631: $? = 0
configure:6697: gcc -o conftest -g -O2   conftest.c conftstm.o >&5
configure:6700: $? = 0
configure:6738: result: ok
configure:6775: checking for sysroot
configure:6806: result: no
configure:6884: gcc -c -g -O2  conftest.c >&5
configure:6887: $? = 0
configure:7083: checking for mt
configure:7104: found /usr/bin/mt
configure:7115: result: mt
configure:7138: checking if mt is a manifest tool
configure:7145: mt '-?'
configure:7153: result: no
configure:7848: checking for stdio.h
configure:7848: gcc -c -g -O2  conftest.c >&5
configure:7848: $? = 0
configure:7848: result: yes
configure:7848: checking for stdlib.h
configure:7848: gcc -c -g -O2  conftest.c >&5
configure:7848: $? = 0
configure:7848: result: yes
configure:7848: checking for string.h
configure:7848: gcc -c -g -O2  conftest.c >&5
configure:7848: $? = 0
configure:7848: result: yes
configure:7848: checking for inttypes.h
configure:7848: gcc -c -g -O2  conftest.c >&5
configure:7848: $? = 0
configure:7848: result: yes
configure:7848: checking for stdint.h
configure:7848: gcc -c -g -O2  conftest.c >&5
configure:7848: $? = 0
configure:7848: result: yes
configure:7848: checking for strings.h
configure:7848: gcc -c -g -O2  conftest.c >&5
configure:7848: $? = 0
configure:7848: result: yes
configure:7848: checking for sys/stat.h
configure:7848: gcc -c -g -O2  conftest.c >&5
configure:7848: $? = 0
configure:7848: result: yes
configure:7848: checking for sys/types.h
configure:7848: gcc -c -g -O2  conftest.c >&5
configure:7848: $? = 0
configure:7848: result: yes
configure:7848: checking for unistd.h
configure:7848: gcc -c -g -O2  conftest.c >&5
configure:7848: $? = 0
configure:7848: result: yes
configure:7873: checking for dlfcn.h
configure:7873: gcc -c -g -O2  conftest.c >&5
configure:7873: $? = 0
configure:7873: result: yes
configure:8080: checking for objdir
configure:8096: result: .libs
configure:8367: checking if gcc supports -fno-rtti -fno-exceptions
configure:8386: gcc -c -g -O2  -fno-rtti -fno-exceptions conftest.c >&5
cc1: warning: command-line option '-fno-rtti' is valid for C++/D/ObjC++ but not for C
configure:8390: $? = 0
configure:8403: result: no
configure:8730: checking for gcc option to produce PIC
configure:8738: result: -fPIC -DPIC
configure:8746: checking if gcc PIC flag -fPIC -DPIC works
configure:8765: gcc -c -g -O2  -fPIC -DPIC -DPIC conftest.c >&5
configure:8769: $? = 0
configure:8782: result: yes
configure:8811: checking if gcc static flag -static works
configure:8840: result: yes
configure:8855: checking if gcc supports -c -o file.o
configure:8877: gcc -c -g -O2  -o out/conftest2.o conftest.c >&5
configure:8881: $? = 0
configure:8903: result: yes
configure:8911: checking if gcc supports -c -o file.o
configure:8959: result: yes
configure:8992: checking whether the gcc linker (/usr/bin/ld -m elf_x86_64) supports shared libraries
configure:10156: result: yes
configure:10193: checking whether -lc should be explicitly linked in
configure:10202: gcc -c -g -O2  conftest.c >&5
configure:10205: $? = 0
configure:10220: gcc -shared  -fPIC -DPIC conftest.o  -v -Wl,-soname -Wl,conftest -o conftest 2\>\&1 \| /usr/bin/grep  -lc  \>/dev/null 2\>\&1
configure:10223: $? = 0
configure:10237: result: no
configure:10397: checking dynamic linker characteristics
configure:10898: gcc -o conftest -g -O2   -Wl,-rpath -Wl,/foo conftest.c  >&5
configure:10898: $? = 0
configure:11134: result: GNU/Linux ld.so
configure:11241: checking how to hardcode library paths into programs
configure:11266: result: immediate
configure:11810: checking whether stripping libraries is possible
configure:11815: result: yes
configure:11850: checking if libtool supports shared libraries
configure:11852: result: yes
configure:11855: checking whether to build shared libraries
configure:11876: result: yes
configure:11879: checking whether to build static libraries
configure:11883: result: yes
configure:12062: checking that generated files are newer than configure
configure:12068: result: done
configure:12091: creating ./config.status

## ---------------- ##
## Cache variables. ##
## ---------------- ##

ac_cv_build=x86_64-unknown-linux-gnu
ac_cv_c_compiler_gnu=yes
ac_cv_env_CC_set=
ac_cv_env_CC_value=
ac_cv_env_CFLAGS_set=
ac_cv_env_CFLAGS_value=
ac_cv_env_CPPFLAGS_set=
ac_cv_env_CPPFLAGS_value=
ac_cv_env_LDFLAGS_set=
ac_cv_env_LDFLAGS_value=
ac_cv_env_LIBS_set=
ac_cv_env_LIBS_value=
ac_cv_env_build_alias_set=
ac_cv_env_build_alias_value=
ac_cv_env_host_alias_set=
ac_cv_env_host_alias_value=
ac_cv_env_target_alias_set=
ac_cv_env_target_alias_value=
ac_cv_header_dlfcn_h=yes
ac_cv_header_inttypes_h=yes
ac_cv_header_stdint_h=yes
ac_cv_header_stdio_h=yes
ac_cv_header_stdlib_h=yes
ac_cv_header_string_h=yes
ac_cv_header_strings_h=yes
ac_cv_header_sys_stat_h=yes
ac_cv_header_sys_types_h=yes
ac_cv_header_unistd_h=yes
ac_cv_host=x86_64-unknown-linux-gnu
ac_cv_objext=o
ac_cv_path_EGREP='/usr/bin/grep -E'
ac_cv_path_FGREP='/usr/bin/grep -F'
ac_cv_path_GREP=/usr/bin/grep
ac_cv_path_SED=/usr/bin/sed
ac_cv_path_install='/usr/bin/install -c'
ac_cv_path_mkdir=/usr/bin/mkdir
ac_cv_prog_AWK=mawk
ac_cv_prog_ac_ct_AR=ar
ac_cv_prog_ac_ct_CC=gcc
ac_cv_prog_ac_ct_MANIFEST_TOOL=mt
ac_cv_prog_ac_ct_OBJDUMP=objdump
ac_cv_prog_ac_ct_RANLIB=ranlib
ac_cv_prog_ac_ct_STRIP=strip
ac_cv_prog_cc_c11=
ac_cv_prog_cc_g=yes
ac_cv_prog_cc_stdc=
ac_cv_prog_make_make_set=yes
am_cv_CC_dependencies_compiler_type=gcc3
am_cv_make_support_nested_variables=yes
am_cv_prog_cc_c_o=yes
lt_cv_ar_at_file=@
lt_cv_archive_cmds_need_lc=no
lt_cv_deplibs_check_method=pass_all
lt_cv_file_magic_cmd='$MAGIC_CMD'
lt_cv_file_magic_test_file=
lt_cv_ld_reload_flag=-r
lt_cv_nm_interface='BSD nm'
lt_cv_objdir=.libs
lt_cv_path_LD=/usr/bin/ld
lt_cv_path_NM='/usr/bin/nm -B'
lt_cv_path_mainfest_tool=no
lt_cv_prog_compiler_c_o=yes
lt_cv_prog_compiler_pic='-fPIC -DPIC'
lt_cv_prog_compiler_pic_works=yes
lt_cv_prog_compiler_rtti_exceptions=no
lt_cv_prog_compiler_static_works=yes
lt_cv_prog_gnu_ld=yes
lt_cv_sharedlib_from_linklib_cmd='printf %s\n'
lt_cv_shlibpath_overrides_runpath=yes
lt_cv_sys_global_symbol_pipe='sed -n -e '\''s/^.*[	 ]\([ABCDGIRSTW][ABCDGIRSTW]*\)[	 ][	 ]*\([_A-Za-z][_A-Za-z0-9]*\)$/\1 \2 \2/p'\'' | sed '\''/ __gnu_lto/d'\'''
lt_cv_sys_global_symbol_to_c_name_address='sed -n -e '\''s/^: \([^ ]*\)[ ]*$/  {\"\1\", (void *) 0},/p'\'' -e '\''s/^[ABCDGIRSTW]* \([^ ]*\) \([^ ]*\)$/  {"\2", (void *) \&\2},/p'\'''
lt_cv_sys_global_symbol_to_c_name_address_lib_prefix='sed -n -e '\''s/^: \([^ ]*\)[ ]*$/  {\"\1\", (void *) 0},/p'\'' -e '\''s/^[ABCDGIRSTW]* \([^ ]*\) \(lib[^ ]*\)$/  {"\2", (void *) \&\2},/p'\'' -e '\''s/^[ABCDGIRSTW]* \([^ ]*\) \([^ ]*\)$/  {"lib\2", (void *) \&\2},/p'\'''
lt_cv_sys_global_symbol_to_cdecl='sed -n -e '\''s/^T .* \(.*\)$/extern int \1();/p'\'' -e '\''s/^[ABCDGIRSTW]* .* \(.*\)$/extern char \1;/p'\'''
lt_cv_sys_max_cmd_len=1572864
lt_cv_to_host_file_cmd=func_convert_file_noop
lt_cv_to_tool_file_cmd=func_convert_file_noop

## ----------------- ##
## Output variables. ##
## ----------------- ##

ACLOCAL='${SHELL} '\''/home/enumclass/Desktop/ali/libcsv/missing'\'' aclocal-1.16'
AMDEPBACKSLASH='\'
AMDEP_FALSE='#'
AMDEP_TRUE=''
AMTAR='$${TAR-tar}'
AM_BACKSLASH='\'
AM_DEFAULT_V='$(AM_DEFAULT_VERBOSITY)'
AM_DEFAULT_VERBOSITY='1'
AM_V='$(V)'
AR='ar'
AUTOCONF='${SHELL} '\''/home/enumclass/Desktop/ali/libcsv/missing'\'' autoconf'
AUTOHEADER='${SHELL} '\''/home/enumclass/Desktop/ali/libcsv/missing'\'' autoheader'
AUTOMAKE='${SHELL} '\''/home/enumclass/Desktop/ali/libcsv/missing'\'' automake-1.16'
AWK='mawk'
CC='gcc'
CCDEPMODE='depmode=gcc3'
CFLAGS='-g -O2'
CPPFLAGS=''
CSCOPE='cscope'
CTAGS='ctags'
CYGPATH_W='echo'
DEFS='-DPACKAGE_NAME=\"libcsv\" -DPACKAGE_TARNAME=\"libcsv\" -DPACKAGE_VERSION=\"3.0.3\" -DPACKAGE_STRING=\"libcsv\ 3.0.3\" -DPACKAGE_BUGREPORT=\"rgamble99@gmail.com\" -DPACKAGE_URL=\"https://github.com/rgamble/libcsv\" -DPACKAGE=\"libcsv\" -DVERSION=\"3.0.3\" -DHAVE_STDIO_H=1 -DHAVE_STDLIB_H=1 -DHAVE_STRING_H=1 -DHAVE_INTTYPES_H=1 -DHAVE_STDINT_H=1 -DHAVE_STRINGS_H=1 -DHAVE_SYS_STAT_H=1 -DHAVE_SYS_TYPES_H=1 -DHAVE_UNISTD_H=1 -DSTDC_HEADERS=1 -DHAVE_DLFCN_H=1 -DLT_OBJDIR=\".libs/\"'
DEPDIR='.deps'
DLLTOOL='false'
DSYMUTIL=''
DUMPBIN=''
ECHO_C=''
ECHO_N='-n'
ECHO_T=''
EGREP='/usr/bin/grep -E'
ETAGS='etags'
EXEEXT=''
FGREP='/usr/bin/grep -F'
GREP='/usr/bin/grep'
INSTALL_DATA='${INSTALL} -m 644'
INSTALL_PROGRAM='${INSTALL}'
INSTALL_SCRIPT='${INSTALL}'
INSTALL_STRIP_PROGRAM='$(install_sh) -c -s'
LD='/usr/bin/ld -m elf_x86_64'
LDFLAGS=''
LIBOBJS=''
LIBS=''
LIBTOOL='$(SHELL) $(top_builddir)/libtool'
LIPO=''
LN_S='ln -s'
LTLIBOBJS=''
MAKEINFO='${SHELL} '\''/home/enumclass/Desktop/ali/libcsv/missing'\'' makeinfo'
MANIFEST_TOOL=':'
MKDIR_P='/usr/bin/mkdir -p'
NM='/usr/bin/nm -B'
NMEDIT=''
OBJDUMP='objdump'
OBJEXT='o'
OTOOL64=''
OTOOL=''
PACKAGE='libcsv'
PACKAGE_BUGREPORT='rgamble99@gmail.com'
PACKAGE_NAME='libcsv'
PACKAGE_STRING='libcsv 3.0.3'
PACKAGE_TARNAME='libcsv'
PACKAGE_URL='https://github.com/rgamble/libcsv'
PACKAGE_VERSION='3.0.3'
PATH_SEPARATOR=':'
RANLIB='ranlib'
SED='/usr/bin/sed'
SET_MAKE=''
SHELL='/bin/bash'
STRIP='strip'
VERSION='3.0.3'
ac_ct_AR='ar'
ac_ct_CC='gcc'
ac_ct_DUMPBIN=''
am__EXEEXT_FALSE=''
am__EXEEXT_TRUE='#'
am__fastdepCC_FALSE='#'
am__fastdepCC_TRUE=''
am__include='include'
am__isrc=''
am__leading_dot='.'
am__nodep='_no'
am__quote=''
am__tar='$${TAR-tar} chof - "$$tardir"'
am__untar='$${TAR-tar} xf -'
bindir='${exec_prefix}/bin'
build='x86_64-unknown-linux-gnu'
build_alias=''
build_cpu='x86_64'
build_os='linux-gnu'
build_vendor='unknown'
datadir='${datarootdir}'
datarootdir='${prefix}/share'
docdir='${datarootdir}/doc/${PACKAGE_TARNAME}'
dvidir='${docdir}'
exec_prefix='${prefix}'
host='x86_64-unknown-linux-gnu'
host_alias=''
host_cpu='x86_64'
host_os='linux-gnu'
host_vendor='unknown'
htmldir='${docdir}'
includedir='${prefix}/include'
infodir='${datarootdir}/info'
install_sh='${SHELL} /home/enumclass/Desktop/ali/libcsv/install-sh'
libdir='${exec_prefix}/lib'
libexecdir='${exec_prefix}/libexec'
localedir='${datarootdir}/locale'
localstatedir='${prefix}/var'
mandir='${datarootdir}/man'
mkdir_p='$(MKDIR_P)'
oldincludedir='/usr/include'
pdfdir='${docdir}'
prefix='/usr/local'
program_transform_name='s,x,x,'
psdir='${docdir}'
runstatedir='${localstatedir}/run'
sbindir='${exec_prefix}/sbin'
sharedstatedir='${prefix}/com'
sysconfdir='${prefix}/etc'
target_alias=''

## ----------- ##
## confdefs.h. ##
## ----------- ##

/* confdefs.h */
#define PACKAGE_NAME "libcsv"
#define PACKAGE_TARNAME "libcsv"
#define PACKAGE_VERSION "3.0.3"
#define PACKAGE_STRING "libcsv 3.0.3"
#define PACKAGE_BUGREPORT "rgamble99@gmail.com"
#define PACKAGE_URL "https://github.com/rgamble/libcsv"
#define PACKAGE "libcsv"
#define VERSION "3.0.3"
#define HAVE_STDIO_H 1
#define HAVE_STDLIB_H 1
#define HAVE_STRING_H 1
#define HAVE_INTTYPES_H 1
#define HAVE_STDINT_H 1
#define HAVE_STRINGS_H 1
#define HAVE_SYS_STAT_H 1
#define HAVE_SYS_TYPES_H 1
#define HAVE_UNISTD_H 1
#define STDC_HEADERS 1
#define HAVE_DLFCN_H 1
#define LT_OBJDIR ".libs/"

configure: exit 0

## ---------------------- ##
## Running config.status. ##
## ---------------------- ##

This file was extended by libcsv config.status 3.0.3, which was
generated by GNU Autoconf 2.71.  Invocation command line was

  CONFIG_FILES    = 
  CONFIG_HEADERS  = 
  CONFIG_LINKS    = 
  CONFIG_COMMANDS = 
  $ ./config.status 

on enumclass

config.status:1000: creating Makefile
config.status:1172: executing depfiles commands
config.status:1249: cd .       && sed -e '/# am--include-marker/d' Makefile         | make -f - am--depfiles
make[1]: Entering directory '/home/enumclass/Desktop/ali/libcsv'
make[1]: Nothing to be done for 'am--depfiles'.
make[1]: Leaving directory '/home/enumclass/Desktop/ali/libcsv'
config.status:1254: $? = 0
config.status:1172: executing libtool commands
